[dash-goldman.apps.pcfdemo.net/index.html]
[backblue.gif]
[fade.gif]
[index.html]
[cdnjs.cloudflare.com/ajax/libs/normalize/7.0.0/normalize.min.css]
[cdnjs.cloudflare.com/ajax/libs/skeleton/2.0.4/skeleton.min.css]
[cdn.rawgit.com/plotly/dash-app-stylesheets/5047eb29e4afe01b45b27b1d2f7deda2a942311a/goldman-sachs-report.css]
[maxcdn.bootstrapcdn.com/font-awesome/4.7.0/css/font-awesome.min.css]
[unpkg.com/react@15.4.2/dist/react.min.js]
[unpkg.com/react-dom@15.4.2/dist/react-dom.min.js]
[unpkg.com/dash-html-components@0.6.0/dash_html_components/bundle.js]
[code.jquery.com/jquery-3.2.1.min.js]
[dash-goldman.apps.pcfdemo.net/index.html]
[cdnjs.cloudflare.com/ajax/libs/normalize/7.0.0/normalize.min.css]
[cdnjs.cloudflare.com/ajax/libs/skeleton/2.0.4/skeleton.min.css]
[cdn.rawgit.com/plotly/dash-app-stylesheets/a3401de132a6d0b652ba11548736b1d1e80aa10d/dash-goldman-sachs-report-js.js]
[fonts.googleapis.com/css4874.css]
[fonts.gstatic.com/s/raleway/v11/-_Ctzj9b56b8RgXW8FAriS3USBnSvpkopQaUR-2r7iU.ttf]
[cdn.rawgit.com/plotly/dash-app-stylesheets/5047eb29e4afe01b45b27b1d2f7deda2a942311a/goldman-sachs-report.css]
[fonts.gstatic.com/s/raleway/v11/bIcY3_3JNqUVRAQQRNVteQ.ttf]
[fonts.gstatic.com/s/raleway/v11/xkvoNo9fC8O2RDydKj12by3USBnSvpkopQaUR-2r7iU.ttf]
[unpkg.com/dash-renderer@0.7.2/dash_renderer/bundle.js]
[maxcdn.bootstrapcdn.com/font-awesome/4.7.0/fonts/fontawesome-webfont3e6e.eot]
[maxcdn.bootstrapcdn.com/font-awesome/4.7.0/fonts/fontawesome-webfont3e6e.woff2]
[maxcdn.bootstrapcdn.com/font-awesome/4.7.0/fonts/fontawesome-webfontd41d.eot]
[maxcdn.bootstrapcdn.com/font-awesome/4.7.0/fonts/fontawesome-webfont3e6e.woff]
[maxcdn.bootstrapcdn.com/font-awesome/4.7.0/css/font-awesome.min.css]
[maxcdn.bootstrapcdn.com/font-awesome/4.7.0/fonts/fontawesome-webfont3e6e.ttf]
[maxcdn.bootstrapcdn.com/font-awesome/4.7.0/fonts/fontawesome-webfont3e6e.svg]
[maxcdn.bootstrapcdn.com/font-awesome/4.7.0/fonts/fontawesome-webfont3e6e.svg]
